// Jest Snapshot v1, https://goo.gl/fbAQLP

exports[`QuestionMapper() construct question for passed attribute values 1`] = `
{
  "body": "sample-body",
  "createdDate": undefined,
  "downVoteCount": undefined,
  "id": 1,
  "isAnswered": false,
  "lastActivityDate": undefined,
  "link": "sample-link",
  "ownerId": undefined,
  "score": undefined,
  "title": undefined,
  "upVoteCount": undefined,
  "viewCount": undefined,
}
`;
