// Jest Snapshot v1, https://goo.gl/fbAQLP

exports[`StackQuestionMapper transform question response to valid model 1`] = `
{
  "body": undefined,
  "createdDate": 1547025378,
  "downVoteCount": undefined,
  "id": 54106638,
  "lastActivityDate": undefined,
  "link": "demo-link",
  "score": 1,
  "tags": [
    "tag",
  ],
  "title": "demo-title",
  "upVoteCount": undefined,
  "viewCount": 24,
}
`;
